// Jest Snapshot v1, https://goo.gl/fbAQLP

exports[`AndroidDevicePathBuilder should generate process id dependent paths with a counter 1`] = `"/sdcard/detox_152580_0.png"`;

exports[`AndroidDevicePathBuilder should generate process id dependent paths with a counter 2`] = `"/sdcard/detox_152580_1.png"`;
